---
source: pulldown-cmark-mdcat/tests/render.rs
assertion_line: 158
expression: "replace_system_specific_urls(render_to_string(markdown_file, &ansi_settings))"
input_file: pulldown-cmark-mdcat/tests/markdown/samples/images.md
---
An inline]8;;file://HOSTNAME/WORKING_DIRECTORY/tests/markdown/samples/image.png\[35m image[0m]8;;\.

An inline ]8;;https://example.com/\[34mimage[0m[35m[1][0m]8;;\ with a link.

An inline ]8;;https://example.com/\[34mlinked[0m[34m image[0m[35m[2][0m]8;;\ with some extra text.

An inline ]8;;https://example.com/\[1m[34mlinked[0m[1m[34m image[0m[1m[35m[3][0m]8;;\ with nested formatting.

An inline]8;;file://HOSTNAME/WORKING_DIRECTORY/tests/markdown/samples/image.png\[35m image with a nested[0m[35m image[0m[35m[4][0m[35m and[0m[3m[35m markups[0m[35m in description[0m]8;;\.

Or as block:

]8;;file://HOSTNAME/WORKING_DIRECTORY/tests/markdown/samples/image.png\[35mimage[0m]8;;\

[35m[1]: [0m]8;;file://HOSTNAME/WORKING_DIRECTORY/tests/markdown/samples/image.png\[35m./image.png[0m]8;;\
[35m[2]: [0m]8;;file://HOSTNAME/WORKING_DIRECTORY/tests/markdown/samples/image.png\[35m./image.png[0m]8;;\
[35m[3]: [0m]8;;file://HOSTNAME/WORKING_DIRECTORY/tests/markdown/samples/image.png\[35m./image.png[0m]8;;\
[35m[4]: [0m]8;;file://HOSTNAME/WORKING_DIRECTORY/tests/markdown/samples/image.png\[35m./image.png[0m]8;;\
