---
source: pulldown-cmark-mdcat/tests/render.rs
assertion_line: 123
expression: "render_to_string(markdown_file, &ansi_settings)"
input_file: pulldown-cmark-mdcat/tests/markdown/commonmark-spec/478-emphasis_and_strong_emphasis.md
---
[3ma[0m[3m[33m _[0m
