---
source: pulldown-cmark-mdcat/tests/render.rs
assertion_line: 158
expression: "replace_system_specific_urls(render_to_string(markdown_file, &ansi_settings))"
input_file: pulldown-cmark-mdcat/tests/markdown/commonmark-spec/204-link_reference_definitions.md
---
]8;;file://HOSTNAME/WORKING_DIRECTORY/tests/markdown/commonmark-spec/first\[34mfoo[0m]8;;\
