---
source: pulldown-cmark-mdcat/tests/render.rs
assertion_line: 158
expression: "replace_system_specific_urls(render_to_string(markdown_file, &ansi_settings))"
input_file: pulldown-cmark-mdcat/tests/markdown/commonmark-spec/475-emphasis_and_strong_emphasis.md
---
**[32m<a href="**">[0m
