---
source: pulldown-cmark-mdcat/tests/render.rs
assertion_line: 158
expression: "replace_system_specific_urls(render_to_string(markdown_file, &ansi_settings))"
input_file: pulldown-cmark-mdcat/tests/markdown/commonmark-spec/519-links.md
---
]8;;file://HOSTNAME/WORKING_DIRECTORY/tests/markdown/commonmark-spec/uri3\[35m[[0m]8;;file://HOSTNAME/WORKING_DIRECTORY/tests/markdown/commonmark-spec/uri1\[34mfoo[0m]8;;\[35m][0m[35m(uri2)[0m]8;;\
