---
source: pulldown-cmark-mdcat/tests/render.rs
assertion_line: 123
expression: "render_to_string(markdown_file, &ansi_settings)"
input_file: pulldown-cmark-mdcat/tests/markdown/commonmark-spec/398-emphasis_and_strong_emphasis.md
---
[3m([0m[1m[3mfoo[0m[3m)[0m
