---
source: pulldown-cmark-mdcat/tests/render.rs
assertion_line: 123
expression: "render_to_string(markdown_file, &ansi_settings)"
input_file: pulldown-cmark-mdcat/tests/markdown/commonmark-spec/128-fenced_code_blocks.md
---
    [32mâ”€â”€â”€â”€â”€â”€â”€â”€â”€â”€â”€â”€â”€â”€â”€â”€â”€â”€â”€â”€[0m
    [3m[33maaa
[0m    [32mâ”€â”€â”€â”€â”€â”€â”€â”€â”€â”€â”€â”€â”€â”€â”€â”€â”€â”€â”€â”€[0m

bbb
