---
source: pulldown-cmark-mdcat/tests/render.rs
assertion_line: 123
expression: "render_to_string(markdown_file, &ansi_settings)"
input_file: pulldown-cmark-mdcat/tests/markdown/commonmark-spec/290-list_items.md
---
 1. A paragraph with two lines.

    [32mâ”€â”€â”€â”€â”€â”€â”€â”€â”€â”€â”€â”€â”€â”€â”€â”€â”€â”€â”€â”€[0m
    [33mindented code
[0m    [32mâ”€â”€â”€â”€â”€â”€â”€â”€â”€â”€â”€â”€â”€â”€â”€â”€â”€â”€â”€â”€[0m

        [3mA block quote.[0m
