---
source: pulldown-cmark-mdcat/tests/render.rs
assertion_line: 122
expression: "render_to_string(markdown_file, &dumb_settings)"
input_file: pulldown-cmark-mdcat/tests/markdown/commonmark-spec/624-raw_html.md
---
foo<!-- this is a
comment - with hyphen -->
