---
source: pulldown-cmark-mdcat/tests/render.rs
assertion_line: 157
expression: "replace_system_specific_urls(render_to_string(markdown_file, &dumb_settings))"
input_file: pulldown-cmark-mdcat/tests/markdown/samples/inline_formatting.md
---
Lorem ipsum dolor sit amet, consetetur sadipscing elitr, sed diam nonumy eirmod
tempor invidunt ut labore et dolore magna aliquyam erat, sed diam voluptua. At
vero eos et accusam et
