---
source: pulldown-cmark-mdcat/tests/render.rs
assertion_line: 157
expression: "replace_system_specific_urls(render_to_string(markdown_file, &dumb_settings))"
input_file: pulldown-cmark-mdcat/tests/markdown/commonmark-spec/313-lists.md
---
 1. a

 2. b

────────────────────
3. c
────────────────────
