---
source: pulldown-cmark-mdcat/tests/render.rs
assertion_line: 157
expression: "replace_system_specific_urls(render_to_string(markdown_file, &dumb_settings))"
input_file: pulldown-cmark-mdcat/tests/markdown/commonmark-spec/643-hard_line_breaks.md
---
<a href="foo\
bar">
