---
source: pulldown-cmark-mdcat/tests/render.rs
assertion_line: 124
expression: "render_to_string(markdown_file, &iterm2_settings)"
input_file: pulldown-cmark-mdcat/tests/markdown/commonmark-spec/596-autolinks.md
---
]8;;mailto:FOO@BAR.BAZ\[34mMAILTO:FOO@BAR.BAZ[0m]8;;\
