---
source: pulldown-cmark-mdcat/tests/render.rs
assertion_line: 159
expression: "replace_system_specific_urls(render_to_string(markdown_file,\n&iterm2_settings))"
input_file: pulldown-cmark-mdcat/tests/markdown/commonmark-spec/272-list_items.md
---
[32mâ”€â”€â”€â”€â”€â”€â”€â”€â”€â”€â”€â”€â”€â”€â”€â”€â”€â”€â”€â”€[0m
[33mindented code
[0m[32mâ”€â”€â”€â”€â”€â”€â”€â”€â”€â”€â”€â”€â”€â”€â”€â”€â”€â”€â”€â”€[0m

paragraph

[32mâ”€â”€â”€â”€â”€â”€â”€â”€â”€â”€â”€â”€â”€â”€â”€â”€â”€â”€â”€â”€[0m
[33mmore code
[0m[32mâ”€â”€â”€â”€â”€â”€â”€â”€â”€â”€â”€â”€â”€â”€â”€â”€â”€â”€â”€â”€[0m
