---
source: pulldown-cmark-mdcat/tests/render.rs
assertion_line: 124
expression: "render_to_string(markdown_file, &iterm2_settings)"
input_file: pulldown-cmark-mdcat/tests/markdown/commonmark-spec/403-emphasis_and_strong_emphasis.md
---
[3mfoo[0m ]8;;file://HOSTNAME/ROOT/url\[3m[34mbar[0m]8;;\
