---
source: pulldown-cmark-mdcat/tests/render.rs
assertion_line: 124
expression: "render_to_string(markdown_file, &iterm2_settings)"
input_file: pulldown-cmark-mdcat/tests/markdown/commonmark-spec/059-thematic_breaks.md
---
]1337;SetMark\[1m[34mâ”„â”„[0m[1m[34mFoo[0m

bar
