---
source: pulldown-cmark-mdcat/tests/render.rs
assertion_line: 159
expression: "replace_system_specific_urls(render_to_string(markdown_file,\n&iterm2_settings))"
input_file: pulldown-cmark-mdcat/tests/markdown/commonmark-spec/171-html_blocks.md
---
[32m<textarea>
[0m[32m
[0m[32m*foo*
[0m[32m
[0m[32m_bar_
[0m[32m
[0m[32m</textarea>
[0m
